// Jest Snapshot v1, https://goo.gl/fbAQLP

exports[`FormButton has to match the snapshot 1`] = `
<ForwardRef(Button)
  aria-label="123"
  color="primary"
  data-testid="form-button"
  fullWidth={true}
  name=""
  sx={
    Object {
      "mb": 2,
      "mt": 3,
    }
  }
  type="submit"
  variant="contained"
>
  123
</ForwardRef(Button)>
`;
