// Jest Snapshot v1, https://goo.gl/fbAQLP

exports[`Textfield has to match the snapshot 1`] = `
<ForwardRef(TextField)
  data-testid="textfield"
  fullWidth={true}
  id="login-password"
  inputProps={
    Object {
      "aria-label": Object {
        "name": "password",
      },
    }
  }
  label="password"
  margin="normal"
  name="password"
  required={true}
/>
`;
